[Licensing::Module] Trying to connect to existing licensing client channel...
Built from '6000.3/staging' branch; Version is '6000.3.24f1 (4e7b9b5b6244) revision 5143451'; Using compiler version '194234433'; Build Type 'Release'
OS: 'Windows 10  (10.0.19045) 64bit Professional' Language: 'en' Physical Memory: 8066 MB
BatchMode: 1, IsHumanControllingUs: 0, StartBugReporterOnCrash: 0, Is64bit: 1
[Licensing::IpcConnector] Successfully connected to: "LicenseClient-BADALKUMAR" at "2026-09-14T09:46:02.4554322Z"
System  architecture: x64
Process architecture: x64
Date: 2026-09-14T09:46:02Z
[Licensing::Client] Code 10 while verifying Licensing Client signature (process Id: 3140, path: "C:/Program Files/Unity Hub/UnityLicensingClient_V1/Unity.Licensing.Client.exe")
[Licensing::Module] LicensingClient has failed validation; ignoring
[Licensing::Client] Handshaking with LicensingClient:
  Version:                 1.18.3+d7ffd15
  Session Id:              4b0f4c192c93455482f3a1a0db821380
  Correlation Id:          b47ec35d9f0be9b01baf69fd4aa3f2fb
  External correlation Id: 1268720713688942482
  Machine Id:              k9e3qzgTFulwvewVJEnO4UfAwmg=
[Licensing::Module] Successfully connected to LicensingClient on channel: "LicenseClient-BADALKUMAR" (connect: 0.00s, validation: 0.00s, handshake: 0.08s)
[Licensing::IpcConnector] Successfully connected to: "LicenseClient-BADALKUMAR-notifications" at "2026-09-14T09:46:02.539975Z"
[Licensing::Module] Error: Access token is unavailable; failed to update
[Licensing::Client] Successfully resolved entitlement details
[Licensing::Module] License group:
  Id: 13469969200545-UnityPersXXXX
  Product: Unity Personal
  Type: Assigned
  Expiration: Unlimited
[Licensing::Client] Successfully updated license, isAsync: True, time: 0.00
[Licensing::Client] Successfully resolved entitlement details
[Licensing::Module] Licensing Background thread has ended after 0.11s

COMMAND LINE ARGUMENTS:
C:\Program Files\Unity\Hub\Editor\6000.3.24f1\Editor\Unity.exe
-batchmode
-quit
-projectPath
B:\Chacha_Avatar\07_Unity
-executeMethod
ChachaAvatar.Editor.ChachaSceneBuilder.ExecuteBuild
-logFile
B:\Chacha_Avatar\08_Final\unity_scene_build.log
Successfully changed project path to: B:\Chacha_Avatar\07_Unity
B:/Chacha_Avatar/07_Unity
[UnityMemory] Configuration Parameters - Can be set up in boot.config
    "memorysetup-temp-allocator-size-nav-mesh-worker=65536"
    "memorysetup-temp-allocator-size-audio-worker=65536"
    "memorysetup-temp-allocator-size-gfx=262144"
    "memorysetup-allocator-temp-initial-block-size-main=262144"
    "memorysetup-allocator-temp-initial-block-size-worker=262144"
    "memorysetup-temp-allocator-size-background-worker=32768"
    "memorysetup-temp-allocator-size-job-worker=262144"
    "memorysetup-temp-allocator-size-preload-manager=33554432"
    "memorysetup-remapper-allocator-initial-capacity=32768"
    "memorysetup-temp-allocator-size-gi-baking-worker=262144"
    "memorysetup-temp-allocator-size-gi-baking-worker=262144"
    "memorysetup-temp-allocator-size-gi-baking-worker=262144"
    "memorysetup-temp-allocator-size-gi-baking-worker=262144"
    "memorysetup-temp-allocator-size-gi-baking-worker=262144"
    "memorysetup-bucket-allocator-granularity=16"
    "memorysetup-bucket-allocator-bucket-count=8"
    "memorysetup-bucket-allocator-block-size=33554432"
    "memorysetup-bucket-allocator-block-count=8"
    "memorysetup-main-allocator-block-size=16777216"
    "memorysetup-thread-allocator-block-size=16777216"
    "memorysetup-gfx-main-allocator-block-size=16777216"
    "memorysetup-gfx-thread-allocator-block-size=16777216"
    "memorysetup-cache-allocator-block-size=4194304"
    "memorysetup-typetree-allocator-block-size=2097152"
    "memorysetup-profiler-bucket-allocator-granularity=16"
    "memorysetup-profiler-bucket-allocator-bucket-count=8"
    "memorysetup-profiler-bucket-allocator-block-size=33554432"
    "memorysetup-profiler-bucket-allocator-block-count=8"
    "memorysetup-profiler-allocator-block-size=16777216"
    "memorysetup-profiler-editor-allocator-block-size=1048576"
    "memorysetup-temp-allocator-size-main=16777216"
    "memorysetup-job-temp-allocator-block-size=2097152"
    "memorysetup-job-temp-allocator-block-size-background=1048576"
    "memorysetup-job-temp-allocator-reduction-small-platforms=262144"
    "memorysetup-temp-allocator-size-cloud-worker=32768"
Player connection [2324]  Target information:

Player connection [2324]  * "[IP] 10.243.102.66 [Port] 55504 [Flags] 2 [Guid] 3741712209 [EditorId] 3741712209 [Version] 1048832 [Id] WindowsEditor(7,DESKTOP-05I2IE7) [Debug] 1 [PackageName] WindowsEditor [ProjectName] Editor" 

Player connection [2324] Host joined multi-casting on [225.0.0.222:54997]...
Player connection [2324] Host joined alternative multi-casting on [225.0.0.222:34997]...
Input System module state changed to: Initialized.
[Physics::Module] Initialized fallback backend.
[Physics::Module] Id: 0xdecafbad
[Package Manager] Connected to IPC stream "Upm-9512" after 0.5 seconds.
[Licensing::Client] Successfully resolved entitlement details
Library Redirect Path: Library/
[Physics::Module] Selected backend.
[Physics::Module] Name: PhysX
[Physics::Module] Id: 0xf2b8ea05
[Physics::Module] SDK Version: 4.1.2
[Physics::Module] Integration Version: 1.0.0
[Physics::Module] Threading Mode: Multi-Threaded
Artifact Garbage Collection - Removed 6 unused hashed content files
Refreshing native plugins compatible for Editor in 0.62 ms, found 0 plugins.
Preloading 0 native plugins for Editor in 0.00 ms.
Initialize engine version: 6000.3.24f1 (4e7b9b5b6244)
[Subsystems] Discovering subsystems at path C:/Program Files/Unity/Hub/Editor/6000.3.24f1/Editor/Data/Resources/UnitySubsystems
[Subsystems] Discovering subsystems at path B:/Chacha_Avatar/07_Unity/Assets
GfxDevice: creating device client; kGfxThreadingModeNonThreaded
Direct3D:
    Version:  Direct3D 11.0 [level 11.1]
    Renderer: Intel(R) HD Graphics 5500 (ID=0x1616)
    Vendor:   Intel
    VRAM:     4033 MB
    Driver:   20.19.15.5144
Initialize mono
Mono path[0] = 'C:/Program Files/Unity/Hub/Editor/6000.3.24f1/Editor/Data/Managed'
Mono path[1] = 'C:/Program Files/Unity/Hub/Editor/6000.3.24f1/Editor/Data/MonoBleedingEdge/lib/mono/unityjit-win32'
Mono config path = 'C:/Program Files/Unity/Hub/Editor/6000.3.24f1/Editor/Data/MonoBleedingEdge/etc'
Using monoOptions --debugger-agent=transport=dt_socket,embedding=1,server=y,suspend=n,address=127.0.0.1:56512
Using cacheserver namespaces - metadata:defaultmetadata, artifacts:defaultartifacts
Using cacheserver namespaces - metadata:defaultmetadata, artifacts:defaultartifacts
ImportWorker Server TCP listen port: 0
AcceleratorClientConnectionCallback - disconnected - :0
Begin MonoManager ReloadAssembly
Registering precompiled unity dll's ...
Register platform support module: C:/Program Files/Unity/Hub/Editor/6000.3.24f1/Editor/Data/PlaybackEngines/WindowsStandaloneSupport/UnityEditor.WindowsStandalone.Extensions.dll
Registered in 0.003027 seconds.
- Loaded All Assemblies, in  0.942 seconds
Native extension for WindowsStandalone target not found
Package Manager log level set to [2]
ScheduleIndexationOnStartup MainProcess:False IndexOnStartup:True
Mono: successfully reloaded assembly
- Finished resetting the current domain, in  1.050 seconds
Domain Reload Profiling: 1988ms
	BeginReloadAssembly (336ms)
		ExecutionOrderSort (0ms)
		DisableScriptedObjects (0ms)
		BackupInstance (0ms)
		ReleaseScriptingObjects (0ms)
		CreateAndSetChildDomain (8ms)
	RebuildCommonClasses (96ms)
	RebuildNativeTypeToScriptingClass (34ms)
	initialDomainReloadingComplete (82ms)
	LoadAllAssembliesAndSetupDomain (389ms)
		LoadAssemblies (321ms)
		RebuildTransferFunctionScriptingTraits (0ms)
		AnalyzeDomain (385ms)
			TypeCache.Refresh (380ms)
				TypeCache.ScanAssembly (290ms)
			BuildScriptInfoCaches (0ms)
			ResolveRequiredComponents (2ms)
	FinalizeReload (1051ms)
		ReleaseScriptCaches (0ms)
		RebuildScriptCaches (0ms)
		SetupLoadedEditorAssemblies (827ms)
			LogAssemblyErrors (0ms)
			InitializePlatformSupportModulesInManaged (119ms)
			SetLoadedEditorAssemblies (6ms)
			BeforeProcessingInitializeOnLoad (161ms)
			ProcessInitializeOnLoadAttributes (248ms)
			ProcessInitializeOnLoadMethodAttributes (292ms)
			AfterProcessingInitializeOnLoad (0ms)
			EditorAssembliesLoaded (0ms)
		ExecutionOrderSort2 (0ms)
		AwakeInstancesAfterBackupRestoration (0ms)
[Licensing::Client] Successfully resolved entitlement details
Application.AssetDatabase Initial Refresh Start
[Package Manager] Restoring resolved packages state from cache
[Licensing::Client] Successfully resolved entitlement details
[Package Manager] Registered 49 packages:
  Packages from [https://packages.unity.com]:
    com.unity.ai.assistant@2.19.0-pre.2 (location: B:\Chacha_Avatar\07_Unity\Library\PackageCache\com.unity.ai.assistant@8d1e3e89e3a7)
    com.unity.ai.inference@2.6.1 (location: B:\Chacha_Avatar\07_Unity\Library\PackageCache\com.unity.ai.inference@9a123aee5df7)
    com.unity.burst@1.8.30 (location: B:\Chacha_Avatar\07_Unity\Library\PackageCache\com.unity.burst@2f3d916873ea)
    com.unity.dt.app-ui@2.1.1 (location: B:\Chacha_Avatar\07_Unity\Library\PackageCache\com.unity.dt.app-ui@8ac7e730dd5d)
    com.unity.collections@2.6.8 (location: B:\Chacha_Avatar\07_Unity\Library\PackageCache\com.unity.collections@84e8eb3fc12e)
    com.unity.nuget.newtonsoft-json@3.2.2 (location: B:\Chacha_Avatar\07_Unity\Library\PackageCache\com.unity.nuget.newtonsoft-json@4dfd81071c64)
    com.unity.mathematics@1.3.3 (location: B:\Chacha_Avatar\07_Unity\Library\PackageCache\com.unity.mathematics@19a9377c4ffa)
    com.unity.nuget.mono-cecil@1.11.6 (location: B:\Chacha_Avatar\07_Unity\Library\PackageCache\com.unity.nuget.mono-cecil@ecb9724e46ff)
    com.unity.test-framework.performance@3.5.0 (location: B:\Chacha_Avatar\07_Unity\Library\PackageCache\com.unity.test-framework.performance@8b56083ec0f0)
  Built-in packages:
    com.unity.multiplayer.center@1.0.1 (location: B:\Chacha_Avatar\07_Unity\Library\PackageCache\com.unity.multiplayer.center@f01f4ba8d00a)
    com.unity.modules.accessibility@1.0.0 (location: B:\Chacha_Avatar\07_Unity\Library\PackageCache\com.unity.modules.accessibility)
    com.unity.modules.adaptiveperformance@1.0.0 (location: B:\Chacha_Avatar\07_Unity\Library\PackageCache\com.unity.modules.adaptiveperformance)
    com.unity.modules.ai@1.0.0 (location: B:\Chacha_Avatar\07_Unity\Library\PackageCache\com.unity.modules.ai)
    com.unity.modules.androidjni@1.0.0 (location: B:\Chacha_Avatar\07_Unity\Library\PackageCache\com.unity.modules.androidjni)
    com.unity.modules.animation@1.0.0 (location: B:\Chacha_Avatar\07_Unity\Library\PackageCache\com.unity.modules.animation)
    com.unity.modules.assetbundle@1.0.0 (location: B:\Chacha_Avatar\07_Unity\Library\PackageCache\com.unity.modules.assetbundle)
    com.unity.modules.audio@1.0.0 (location: B:\Chacha_Avatar\07_Unity\Library\PackageCache\com.unity.modules.audio)
    com.unity.modules.cloth@1.0.0 (location: B:\Chacha_Avatar\07_Unity\Library\PackageCache\com.unity.modules.cloth)
    com.unity.modules.director@1.0.0 (location: B:\Chacha_Avatar\07_Unity\Library\PackageCache\com.unity.modules.director)
    com.unity.modules.imageconversion@1.0.0 (location: B:\Chacha_Avatar\07_Unity\Library\PackageCache\com.unity.modules.imageconversion)
    com.unity.modules.imgui@1.0.0 (location: B:\Chacha_Avatar\07_Unity\Library\PackageCache\com.unity.modules.imgui)
    com.unity.modules.jsonserialize@1.0.0 (location: B:\Chacha_Avatar\07_Unity\Library\PackageCache\com.unity.modules.jsonserialize)
    com.unity.modules.particlesystem@1.0.0 (location: B:\Chacha_Avatar\07_Unity\Library\PackageCache\com.unity.modules.particlesystem)
    com.unity.modules.physics@1.0.0 (location: B:\Chacha_Avatar\07_Unity\Library\PackageCache\com.unity.modules.physics)
    com.unity.modules.physics2d@1.0.0 (location: B:\Chacha_Avatar\07_Unity\Library\PackageCache\com.unity.modules.physics2d)
    com.unity.modules.screencapture@1.0.0 (location: B:\Chacha_Avatar\07_Unity\Library\PackageCache\com.unity.modules.screencapture)
    com.unity.modules.terrain@1.0.0 (location: B:\Chacha_Avatar\07_Unity\Library\PackageCache\com.unity.modules.terrain)
    com.unity.modules.terrainphysics@1.0.0 (location: B:\Chacha_Avatar\07_Unity\Library\PackageCache\com.unity.modules.terrainphysics)
    com.unity.modules.tilemap@1.0.0 (location: B:\Chacha_Avatar\07_Unity\Library\PackageCache\com.unity.modules.tilemap)
    com.unity.modules.ui@1.0.0 (location: B:\Chacha_Avatar\07_Unity\Library\PackageCache\com.unity.modules.ui)
    com.unity.modules.uielements@1.0.0 (location: B:\Chacha_Avatar\07_Unity\Library\PackageCache\com.unity.modules.uielements)
    com.unity.modules.umbra@1.0.0 (location: B:\Chacha_Avatar\07_Unity\Library\PackageCache\com.unity.modules.umbra)
    com.unity.modules.unityanalytics@1.0.0 (location: B:\Chacha_Avatar\07_Unity\Library\PackageCache\com.unity.modules.unityanalytics)
    com.unity.modules.unitywebrequest@1.0.0 (location: B:\Chacha_Avatar\07_Unity\Library\PackageCache\com.unity.modules.unitywebrequest)
    com.unity.modules.unitywebrequestassetbundle@1.0.0 (location: B:\Chacha_Avatar\07_Unity\Library\PackageCache\com.unity.modules.unitywebrequestassetbundle)
    com.unity.modules.unitywebrequestaudio@1.0.0 (location: B:\Chacha_Avatar\07_Unity\Library\PackageCache\com.unity.modules.unitywebrequestaudio)
    com.unity.modules.unitywebrequesttexture@1.0.0 (location: B:\Chacha_Avatar\07_Unity\Library\PackageCache\com.unity.modules.unitywebrequesttexture)
    com.unity.modules.unitywebrequestwww@1.0.0 (location: B:\Chacha_Avatar\07_Unity\Library\PackageCache\com.unity.modules.unitywebrequestwww)
    com.unity.modules.vectorgraphics@1.0.0 (location: B:\Chacha_Avatar\07_Unity\Library\PackageCache\com.unity.modules.vectorgraphics)
    com.unity.modules.vehicles@1.0.0 (location: B:\Chacha_Avatar\07_Unity\Library\PackageCache\com.unity.modules.vehicles)
    com.unity.modules.video@1.0.0 (location: B:\Chacha_Avatar\07_Unity\Library\PackageCache\com.unity.modules.video)
    com.unity.modules.vr@1.0.0 (location: B:\Chacha_Avatar\07_Unity\Library\PackageCache\com.unity.modules.vr)
    com.unity.modules.wind@1.0.0 (location: B:\Chacha_Avatar\07_Unity\Library\PackageCache\com.unity.modules.wind)
    com.unity.modules.xr@1.0.0 (location: B:\Chacha_Avatar\07_Unity\Library\PackageCache\com.unity.modules.xr)
    com.unity.modules.subsystems@1.0.0 (location: B:\Chacha_Avatar\07_Unity\Library\PackageCache\com.unity.modules.subsystems)
    com.unity.modules.hierarchycore@1.0.0 (location: B:\Chacha_Avatar\07_Unity\Library\PackageCache\com.unity.modules.hierarchycore)
    com.unity.2d.sprite@1.0.0 (location: B:\Chacha_Avatar\07_Unity\Library\PackageCache\com.unity.2d.sprite@5b922524bd83)
    com.unity.test-framework@1.6.0 (location: B:\Chacha_Avatar\07_Unity\Library\PackageCache\com.unity.test-framework@bd7f943e9647)
    com.unity.ext.nunit@2.0.5 (location: B:\Chacha_Avatar\07_Unity\Library\PackageCache\com.unity.ext.nunit@d8c07649098d)
[Subsystems] No new subsystems found in resolved package list.
[Package Manager] Done registering packages in 0.04 seconds
[ScriptCompilation] Requested script compilation because: Assetdatabase observed changes in script compilation related files
Refreshing native plugins compatible for Editor in 1.45 ms, found 1 plugins.
Starting: C:\Program Files\Unity\Hub\Editor\6000.3.24f1\Editor\Data\Tools\BuildPipeline\bee_backend.exe --ipc --defer-dag-verification --dagfile="Library/Bee/1900b0aE.dag" --continue-on-failure --profile="Library/Bee/backend1.traceevents" ScriptAssemblies
WorkingDir: B:/Chacha_Avatar/07_Unity
DisplayProgressbar: Compiling Scripts
ExitCode: 0 Duration: 3s267ms
[728/937    0s] ILPP-Configuration Library/ilpp-configuration.nevergeneratedoutput
[933/937    0s] Csc Library/Bee/artifacts/1900b0aE.dag/Assembly-CSharp-Editor.dll (+2 others)
[934/937    2s] ILPostProcess Library/Bee/artifacts/1900b0aE.dag/post-processed/Assembly-CSharp-Editor.dll (+pdb)
Processing assembly Library/Bee/artifacts/1900b0aE.dag/Assembly-CSharp-Editor.dll, with 138 defines and 306 references

processors: Unity.Jobs.CodeGen.JobsILPostProcessor, zzzUnity.Burst.CodeGen.BurstILPostProcessor

running Unity.Jobs.CodeGen.JobsILPostProcessor

running zzzUnity.Burst.CodeGen.BurstILPostProcessor
[935/937    0s] CopyFiles Library/ScriptAssemblies/Assembly-CSharp-Editor.dll
[936/937    0s] CopyFiles Library/ScriptAssemblies/Assembly-CSharp-Editor.pdb
*** Tundra build success (3.19 seconds), 5 items updated, 937 evaluated
AssetDatabase: script compilation time: 4.074481s
Begin MonoManager ReloadAssembly
- Loaded All Assemblies, in  1.935 seconds
Refreshing native plugins compatible for Editor in 2.02 ms, found 1 plugins.
Native extension for WindowsStandalone target not found
Refreshing native plugins compatible for Editor in 1.83 ms, found 1 plugins.
[Licensing::Client] Error: Code 404 while processing request (status: Found 0 entitlement groups and 0 free entitlements matching requested entitlement ids)
[Licensing::Client] Error: Code 404 while processing request (status: Found 0 entitlement groups and 0 free entitlements matching requested entitlement ids)
[Licensing::Client] Error: Code 404 while processing request (status: Found 0 entitlement groups and 0 free entitlements matching requested entitlement ids)
ScheduleIndexationOnStartup MainProcess:True IndexOnStartup:True
Mono: successfully reloaded assembly
- Finished resetting the current domain, in  6.825 seconds
Domain Reload Profiling: 8749ms
	BeginReloadAssembly (557ms)
		ExecutionOrderSort (0ms)
		DisableScriptedObjects (52ms)
		BackupInstance (0ms)
		ReleaseScriptingObjects (0ms)
		CreateAndSetChildDomain (191ms)
	RebuildCommonClasses (94ms)
	RebuildNativeTypeToScriptingClass (39ms)
	initialDomainReloadingComplete (115ms)
	LoadAllAssembliesAndSetupDomain (1119ms)
		LoadAssemblies (738ms)
		RebuildTransferFunctionScriptingTraits (0ms)
		AnalyzeDomain (579ms)
			TypeCache.Refresh (500ms)
				TypeCache.ScanAssembly (474ms)
			BuildScriptInfoCaches (72ms)
			ResolveRequiredComponents (1ms)
	FinalizeReload (6826ms)
		ReleaseScriptCaches (0ms)
		RebuildScriptCaches (0ms)
		SetupLoadedEditorAssemblies (6566ms)
			LogAssemblyErrors (0ms)
			InitializePlatformSupportModulesInManaged (43ms)
			SetLoadedEditorAssemblies (10ms)
			BeforeProcessingInitializeOnLoad (771ms)
			ProcessInitializeOnLoadAttributes (4941ms)
			ProcessInitializeOnLoadMethodAttributes (786ms)
			AfterProcessingInitializeOnLoad (14ms)
			EditorAssembliesLoaded (1ms)
		ExecutionOrderSort2 (0ms)
		AwakeInstancesAfterBackupRestoration (46ms)
Refreshing native plugins compatible for Editor in 1.48 ms, found 1 plugins.
Preloading 1 native plugins for Editor in 0.04 ms.
Asset Pipeline Refresh (id=898477b0ce2ca0f4ab2ece2e5744105b): Total: 14.731 seconds - Initiated by InitialRefreshV2(ForceSynchronousImport)
	Summary:
		Imports: total=0 (actual=0, local cache=0, cache server=0)
		Asset DB Process Time: managed=0 ms, native=7425 ms
		Asset DB Callback time: managed=1176 ms, native=48 ms
		Scripting: domain reloads=1, domain reload time=1935 ms, compile time=4080 ms, other=65 ms
		Project Asset Count: scripts=1018, non-scripts=3187
		Asset File Changes: new=0, changed=1, moved=0, deleted=0
		Scan Filter Count: 0
	InvokeCustomDependenciesCallbacks: 0.002ms
	InvokePackagesCallback: 44.480ms
	ApplyChangesToAssetFolders: 1.020ms
	Scan: 144.123ms
	OnSourceAssetsModified: 1.086ms
	CategorizeAssetsWithTransientArtifact: 47.138ms
	ProcessAssetsWithTransientArtifactChanges: 81.294ms
	CategorizeAssets: 120.690ms
	ImportOutOfDateAssets: 6840.133ms (2756.728ms without children)
		CompileScripts: 4080.083ms
		ReloadNativeAssets: 0.011ms
		UnloadImportedAssets: 0.249ms
		EnsureUptoDateAssetsAreRegisteredWithGuidPM: 1.283ms
		InitializingProgressBar: 0.001ms
		PostProcessAllAssetNotificationsAddChangedAssets: 0.001ms
		OnDemandSchedulerStart: 1.778ms
	PostProcessAllAssets: 1178.568ms
	Hotreload: 3.647ms
	GatherAllCurrentPrimaryArtifactRevisions: 0.005ms
	UnloadStreamsBegin: 4.868ms
	PersistCurrentRevisions: 0.236ms
	UnloadStreamsEnd: 0.003ms
	GenerateScriptTypeHashes: 6.984ms
	Untracked: 6263.886ms

Application.AssetDatabase Initial Refresh End
Launched and connected shader compiler UnityShaderCompiler.exe after 0.02 seconds
Scanning for USB devices : 3.780ms
Initializing Unity extensions:
[MODES] ModeService[none].Initialize
[MODES] ModeService[none].LoadModes
[MODES] Loading mode Default (0) for mode-current-id-07_Unity
Unloading 46 Unused Serialized files (Serialized files now loaded: 0)
Unloading 4594 unused Assets / (14.4 MB). Loaded Objects now: 5247.
Memory consumption went from 172.9 MB to 158.5 MB.
Total: 34.317400 ms (FindLiveObjects: 0.599900 ms CreateObjectMapping: 0.474000 ms MarkObjects: 26.874700 ms  DeleteObjects: 6.366900 ms)

[ChachaSceneBuilder] Starting character setup (Model 2 + Model 3)...
UnityEngine.Debug:ExtractStackTraceNoAlloc (byte*,int,string)
UnityEngine.StackTraceUtility:ExtractStackTrace ()
UnityEngine.DebugLogHandler:Internal_Log (UnityEngine.LogType,UnityEngine.LogOption,string,UnityEngine.Object)
UnityEngine.DebugLogHandler:LogFormat (UnityEngine.LogType,UnityEngine.Object,string,object[])
UnityEngine.Logger:Log (UnityEngine.LogType,object)
UnityEngine.Debug:Log (object)
ChachaAvatar.Editor.ChachaSceneBuilder:ExecuteBuild () (at Assets/ChachaAvatar/Editor/ChachaSceneBuilder.cs:29)

(Filename: Assets/ChachaAvatar/Editor/ChachaSceneBuilder.cs Line: 29)

Asset Pipeline Refresh (id=7cae33fd823c7bb4d8e641feafc4b171): Total: 0.024 seconds - Initiated by RefreshV2(NoUpdateAssetOptions)
Unloading 0 Unused Serialized files (Serialized files now loaded: 0)
Unloading 1 unused Assets / (0.8 KB). Loaded Objects now: 5249.
Memory consumption went from 147.4 MB to 147.4 MB.
Total: 29.777700 ms (FindLiveObjects: 0.486100 ms CreateObjectMapping: 0.216000 ms MarkObjects: 28.989100 ms  DeleteObjects: 0.083100 ms)

Asset Pipeline Refresh (id=d3273df828eeae047b9b94ca6c1e488d): Total: 0.028 seconds - Initiated by StopAssetImportingV2(NoUpdateAssetOptions)
Asset Pipeline Refresh (id=8bcca6dd770a7314f88450564701ca9f): Total: 0.009 seconds - Initiated by StopAssetImportingV2(NoUpdateAssetOptions)
Start importing ProjectSettings/EditorBuildSettings.asset using Guid(0000000000000000b000000000000000) (LibraryAssetImporter) -> (artifact id: 'b324aaa2413858ade463a32fffbb2b8a') in 0.009345 seconds
Refreshing native plugins compatible for Editor in 1.31 ms, found 1 plugins.
Preloading 1 native plugins for Editor in 0.04 ms.
Asset Pipeline Refresh (id=c1c622d9cdbee2c4897b3f00b223c252): Total: 0.036 seconds - Initiated by StopAssetImportingV2(NoUpdateAssetOptions)
Start importing Assets/ChachaAvatar/Scenes/ChachaDemo.unity using Guid(b669cd2df53c32db4e2b2830f098b2d5) (DefaultImporter) -> (artifact id: '13a4cb57d5627dc714f370add9967933') in 0.0013885 seconds
Refreshing native plugins compatible for Editor in 2.17 ms, found 1 plugins.
Preloading 1 native plugins for Editor in 0.11 ms.
Asset Pipeline Refresh (id=19c21b63d5a53be4c98aed08c24c6fb8): Total: 0.034 seconds - Initiated by StopAssetImportingV2(NoUpdateAssetOptions)
Start importing Assets/ChachaAvatar/Generated/ChachaDemo.unity using Guid(9499c73cb73a8701476c7637be1711bf) (DefaultImporter) -> (artifact id: '8742aa67104b43b8168c0c6f84c32f92') in 0.0023661 seconds
Refreshing native plugins compatible for Editor in 1.26 ms, found 1 plugins.
Preloading 1 native plugins for Editor in 0.04 ms.
Asset Pipeline Refresh (id=930543578726f1b418cab199c9d7efd4): Total: 0.040 seconds - Initiated by StopAssetImportingV2(NoUpdateAssetOptions)
Asset Pipeline Refresh (id=89a41b0ac72d0334a8bfa3652f1c8db5): Total: 0.011 seconds - Initiated by RefreshV2(NoUpdateAssetOptions)
[ChachaSceneBuilder] Captured verification screenshot: B:\Chacha_Avatar\08_Final\game_view_verification.png
UnityEngine.Debug:ExtractStackTraceNoAlloc (byte*,int,string)
UnityEngine.StackTraceUtility:ExtractStackTrace ()
UnityEngine.DebugLogHandler:Internal_Log (UnityEngine.LogType,UnityEngine.LogOption,string,UnityEngine.Object)
UnityEngine.DebugLogHandler:LogFormat (UnityEngine.LogType,UnityEngine.Object,string,object[])
UnityEngine.Logger:Log (UnityEngine.LogType,object)
UnityEngine.Debug:Log (object)
ChachaAvatar.Editor.ChachaSceneBuilder:ExecuteBuild () (at Assets/ChachaAvatar/Editor/ChachaSceneBuilder.cs:241)

(Filename: Assets/ChachaAvatar/Editor/ChachaSceneBuilder.cs Line: 241)

[ChachaSceneBuilder] SUCCESS! Chacha avatars (Model 2 + Model 3) fully set up with FBX mesh, materials, animator, script components, audio clips, voice profiles, camera, and 3-point lighting.
UnityEngine.Debug:ExtractStackTraceNoAlloc (byte*,int,string)
UnityEngine.StackTraceUtility:ExtractStackTrace ()
UnityEngine.DebugLogHandler:Internal_Log (UnityEngine.LogType,UnityEngine.LogOption,string,UnityEngine.Object)
UnityEngine.DebugLogHandler:LogFormat (UnityEngine.LogType,UnityEngine.Object,string,object[])
UnityEngine.Logger:Log (UnityEngine.LogType,object)
UnityEngine.Debug:Log (object)
ChachaAvatar.Editor.ChachaSceneBuilder:ExecuteBuild () (at Assets/ChachaAvatar/Editor/ChachaSceneBuilder.cs:249)

(Filename: Assets/ChachaAvatar/Editor/ChachaSceneBuilder.cs Line: 249)

Batchmode quit successfully invoked - shutting down!
[Physics::Module] Cleanup current backend.
[Physics::Module] Id: 0xf2b8ea05
Input System module state changed to: ShutdownInProgress.
Input System polling thread exited.
Input System module state changed to: Shutdown.
[Licensing::IpcConnector] LicenseClient-BADALKUMAR-notifications channel disconnected successfully.
[Licensing::IpcConnector] LicenseClient-BADALKUMAR channel disconnected successfully.
AcceleratorClientConnectionCallback - disconnected - :0
Cleanup mono
Exiting batchmode successfully now!
Exiting without the bug reporter. Application will terminate with return code 0